<!-- Merge of test/fixtures/test3 -->/
<script type='text/ng-template' id='test3/foo.html'>
<div>
	Foo
</div>
</script>
<script type='text/ng-template' id='test3/woot.html'>
<div>
	Woot
</div>
</script>
